Creating an optimized production build...
Compiled successfully.

File sizes after gzip:

  340.8 kB (+1.29 kB)  build\static\js\main.7afdf482.js
  12.81 kB (+1.17 kB)  build\static\css\main.f7f7a1ac.css

The project was built assuming it is hosted at /.
You can control this with the homepage field in your package.json.

The build folder is ready to be deployed.
You may serve it with a static server:

  npm install -g serve
  serve -s build

Find out more about deployment here:

  https://cra.link/deployment

